2026-07-04 17:13:44: Server: SSH-2.0-OpenSSH_9.6p1 Ubuntu-3ubuntu13.16
2026-07-04 17:13:44: Server KEXes: sntrup761x25519-sha512@openssh.com,curve25519-sha256,curve25519-sha256@libssh.org,ecdh-sha2-nistp256,ecdh-sha2-nistp384,ecdh-sha2-nistp521,diffie-hellman-group-exchange-sha256,diffie-hellman-group16-sha512,diffie-hellman-group18-sha512,diffie-hellman-group14-sha256,ext-info-s,kex-strict-s-v00@openssh.com
2026-07-04 17:13:44: Server Host Keys: rsa-sha2-512,rsa-sha2-256,ecdsa-sha2-nistp256,ssh-ed25519
2026-07-04 17:13:44: Chosen Host Key: ssh-ed25519
2026-07-04 17:13:44: Ciphers: chacha20-poly1305@openssh.com,aes128-ctr,aes192-ctr,aes256-ctr,aes128-gcm@openssh.com,aes256-gcm@openssh.com
2026-07-04 17:13:44: MACs: umac-64-etm@openssh.com,umac-128-etm@openssh.com,hmac-sha2-256-etm@openssh.com,hmac-sha2-512-etm@openssh.com,hmac-sha1-etm@openssh.com,umac-64@openssh.com,umac-128@openssh.com,hmac-sha2-256,hmac-sha2-512,hmac-sha1
2026-07-04 17:13:44: Server ext-info: publickey-hostbound@openssh.com: 0
2026-07-04 17:13:44: Server ext-info: server-sig-algs: ssh-ed25519,ecdsa-sha2-nistp256,ecdsa-sha2-nistp384,ecdsa-sha2-nistp521,sk-ssh-ed25519@openssh.com,sk-ecdsa-sha2-nistp256@openssh.com,rsa-sha2-512,rsa-sha2-256
2026-07-04 17:13:44: Server ext-info: ping@openssh.com: 0
2026-07-04 17:13:44: Auth: start: publickey
2026-07-04 17:13:44: Auth: publickey: no keys available
2026-07-04 17:13:44: Auth: start: password
2026-07-04 17:13:46: -- Analysis Started by Periodic Timer
2026-07-04 17:13:46: L: Reading State File C:/Users/grabacr/VPSsync/01-WorkspaceSync/modelica-shared/CustomLib/FluidSystemComponents/_gsdata_/_file_state_v4._gs
2026-07-04 17:13:47: R: Reading State File sftp://os3-310-44666.vs.sakura.ne.jp/home/ubuntu/VPSsync/01-WorkspaceSync/modelica-shared/CustomLib/FluidSystemComponents/_gsdata_/_file_state_v4._gs
2026-07-04 17:15:11: Changes: 2, Conflicts: 0, CopyTime: 0, FixState: 0, Errors: 0, All: 6884
2026-07-04 17:15:11: Right to Left: Copy File: 2 
2026-07-04 17:15:11: == Sync Started by Periodic Timer
2026-07-04 17:15:11: Start only 2 threads, limited by tasks to run
2026-07-04 17:15:11: ConnectCloned connected to file:///~grabacr/VPSsync/01-WorkspaceSync/modelica-shared/CustomLib/FluidSystemComponents
2026-07-04 17:15:11: ConnectCloned connected to file:///~grabacr/VPSsync/01-WorkspaceSync/modelica-shared/CustomLib/FluidSystemComponents
2026-07-04 17:15:11: Server: SSH-2.0-OpenSSH_9.6p1 Ubuntu-3ubuntu13.16
2026-07-04 17:15:11: Server: SSH-2.0-OpenSSH_9.6p1 Ubuntu-3ubuntu13.16
2026-07-04 17:15:11: Server KEXes: sntrup761x25519-sha512@openssh.com,curve25519-sha256,curve25519-sha256@libssh.org,ecdh-sha2-nistp256,ecdh-sha2-nistp384,ecdh-sha2-nistp521,diffie-hellman-group-exchange-sha256,diffie-hellman-group16-sha512,diffie-hellman-group18-sha512,diffie-hellman-group14-sha256,ext-info-s,kex-strict-s-v00@openssh.com
2026-07-04 17:15:11: Server Host Keys: rsa-sha2-512,rsa-sha2-256,ecdsa-sha2-nistp256,ssh-ed25519
2026-07-04 17:15:11: Server KEXes: sntrup761x25519-sha512@openssh.com,curve25519-sha256,curve25519-sha256@libssh.org,ecdh-sha2-nistp256,ecdh-sha2-nistp384,ecdh-sha2-nistp521,diffie-hellman-group-exchange-sha256,diffie-hellman-group16-sha512,diffie-hellman-group18-sha512,diffie-hellman-group14-sha256,ext-info-s,kex-strict-s-v00@openssh.com
2026-07-04 17:15:11: Server Host Keys: rsa-sha2-512,rsa-sha2-256,ecdsa-sha2-nistp256,ssh-ed25519
2026-07-04 17:15:11: Chosen Host Key: ssh-ed25519
2026-07-04 17:15:11: Chosen Host Key: ssh-ed25519
2026-07-04 17:15:11: Ciphers: chacha20-poly1305@openssh.com,aes128-ctr,aes192-ctr,aes256-ctr,aes128-gcm@openssh.com,aes256-gcm@openssh.com
2026-07-04 17:15:11: Ciphers: chacha20-poly1305@openssh.com,aes128-ctr,aes192-ctr,aes256-ctr,aes128-gcm@openssh.com,aes256-gcm@openssh.com
2026-07-04 17:15:11: MACs: umac-64-etm@openssh.com,umac-128-etm@openssh.com,hmac-sha2-256-etm@openssh.com,hmac-sha2-512-etm@openssh.com,hmac-sha1-etm@openssh.com,umac-64@openssh.com,umac-128@openssh.com,hmac-sha2-256,hmac-sha2-512,hmac-sha1
2026-07-04 17:15:11: MACs: umac-64-etm@openssh.com,umac-128-etm@openssh.com,hmac-sha2-256-etm@openssh.com,hmac-sha2-512-etm@openssh.com,hmac-sha1-etm@openssh.com,umac-64@openssh.com,umac-128@openssh.com,hmac-sha2-256,hmac-sha2-512,hmac-sha1
2026-07-04 17:15:11: Server ext-info: publickey-hostbound@openssh.com: 0
2026-07-04 17:15:11: Server ext-info: server-sig-algs: ssh-ed25519,ecdsa-sha2-nistp256,ecdsa-sha2-nistp384,ecdsa-sha2-nistp521,sk-ssh-ed25519@openssh.com,sk-ecdsa-sha2-nistp256@openssh.com,rsa-sha2-512,rsa-sha2-256
2026-07-04 17:15:11: Server ext-info: ping@openssh.com: 0
2026-07-04 17:15:11: Server ext-info: publickey-hostbound@openssh.com: 0
2026-07-04 17:15:11: Server ext-info: server-sig-algs: ssh-ed25519,ecdsa-sha2-nistp256,ecdsa-sha2-nistp384,ecdsa-sha2-nistp521,sk-ssh-ed25519@openssh.com,sk-ecdsa-sha2-nistp256@openssh.com,rsa-sha2-512,rsa-sha2-256
2026-07-04 17:15:11: Server ext-info: ping@openssh.com: 0
2026-07-04 17:15:11: Auth: start: publickey
2026-07-04 17:15:11: Auth: publickey: no keys available
2026-07-04 17:15:11: Auth: start: password
2026-07-04 17:15:11: Auth: start: publickey
2026-07-04 17:15:11: Auth: publickey: no keys available
2026-07-04 17:15:11: Auth: start: password
2026-07-04 17:15:12: GsConnectAndSetRoot1 connected to sftp://os3-310-44666.vs.sakura.ne.jp/home/ubuntu/VPSsync/01-WorkspaceSync/modelica-shared/CustomLib/FluidSystemComponents
2026-07-04 17:15:13: GsConnectAndSetRoot1 connected to sftp://os3-310-44666.vs.sakura.ne.jp/home/ubuntu/VPSsync/01-WorkspaceSync/modelica-shared/CustomLib/FluidSystemComponents
2026-07-04 17:15:13: Copy Over 'sftp://os3-310-44666.vs.sakura.ne.jp/home/ubuntu/VPSsync/01-WorkspaceSync/modelica-shared/CustomLib/FluidSystemComponents/package.order' -> 'C:/Users/grabacr/VPSsync/01-WorkspaceSync/modelica-shared/CustomLib/FluidSystemComponents/package.order' (162)
2026-07-04 17:15:13: Copy Over 'sftp://os3-310-44666.vs.sakura.ne.jp/home/ubuntu/VPSsync/01-WorkspaceSync/modelica-shared/CustomLib/FluidSystemComponents/package.mo' -> 'C:/Users/grabacr/VPSsync/01-WorkspaceSync/modelica-shared/CustomLib/FluidSystemComponents/package.mo' (58,526)
2026-07-04 17:15:13: Save State File C:/Users/grabacr/VPSsync/01-WorkspaceSync/modelica-shared/CustomLib/FluidSystemComponents/_gsdata_/_file_state_v4._gs
2026-07-04 17:15:16: Save State File sftp://os3-310-44666.vs.sakura.ne.jp/home/ubuntu/VPSsync/01-WorkspaceSync/modelica-shared/CustomLib/FluidSystemComponents/_gsdata_/_file_state_v4._gs
2026-07-04 17:15:16: Deleted Recycled: C:/Users/grabacr/VPSsync/01-WorkspaceSync/modelica-shared/CustomLib/FluidSystemComponents/_gsdata_/_saved_/CommonAnyFluid/Examples/EngineeringStudies/RectifierByTeslaValves_01.mo
2026-07-04 17:15:16: Deleted Recycled: C:/Users/grabacr/VPSsync/01-WorkspaceSync/modelica-shared/CustomLib/FluidSystemComponents/_gsdata_/_saved_/CommonAnyFluid/Examples/EngineeringStudies/RectifierByTeslaValves_02.mo
2026-07-04 17:15:16: Deleted Recycled: C:/Users/grabacr/VPSsync/01-WorkspaceSync/modelica-shared/CustomLib/FluidSystemComponents/_gsdata_/_saved_/CommonAnyFluid/Examples/EngineeringStudies/RectifierByTeslaValves_04.mo
2026-07-04 17:15:16: Deleted Recycled: C:/Users/grabacr/VPSsync/01-WorkspaceSync/modelica-shared/CustomLib/FluidSystemComponents/_gsdata_/_saved_/Compressible/Examples/EngineeringStudies/dynamicPipe_waterHammer_byAir_01.mo
2026-07-04 17:15:16: Deleted Recycled: C:/Users/grabacr/VPSsync/01-WorkspaceSync/modelica-shared/CustomLib/FluidSystemComponents/_gsdata_/_saved_/Compressible/Examples/package.mo
2026-07-04 17:15:16: Deleted Recycled: C:/Users/grabacr/VPSsync/01-WorkspaceSync/modelica-shared/CustomLib/FluidSystemComponents/_gsdata_/_saved_/Compressible/Examples/package.order
2026-07-04 17:15:16: Deleted Recycled: C:/Users/grabacr/VPSsync/01-WorkspaceSync/modelica-shared/CustomLib/FluidSystemComponents/_gsdata_/_saved_/HydroThermal/Examples/Tutorial/dynamicPipe_waterHammer_01.mo
2026-07-04 17:15:16: Deleted Recycled: C:/Users/grabacr/VPSsync/01-WorkspaceSync/modelica-shared/CustomLib/FluidSystemComponents/_gsdata_/_saved_/Sensor/DispColorGrad00.mo
2026-07-04 17:15:17: GsDeleteEmptyFoldersFS: /_gsdata_/_saved_/CommonAnyFluid/Examples/EngineeringStudies
2026-07-04 17:15:17: GsDeleteEmptyFoldersFS: /_gsdata_/_saved_/CommonAnyFluid/Examples
2026-07-04 17:15:17: GsDeleteEmptyFoldersFS: /_gsdata_/_saved_/CommonAnyFluid
2026-07-04 17:15:17: GsDeleteEmptyFoldersFS: /_gsdata_/_saved_/Compressible/Examples/EngineeringStudies
2026-07-04 17:15:17: GsDeleteEmptyFoldersFS: /_gsdata_/_saved_/Compressible/Examples
2026-07-04 17:15:17: GsDeleteEmptyFoldersFS: /_gsdata_/_saved_/Compressible
2026-07-04 17:15:17: GsDeleteEmptyFoldersFS: /_gsdata_/_saved_/HydroThermal/Examples/Tutorial
2026-07-04 17:15:17: GsDeleteEmptyFoldersFS: /_gsdata_/_saved_/HydroThermal/Examples
2026-07-04 17:15:17: GsDeleteEmptyFoldersFS: /_gsdata_/_saved_/HydroThermal
2026-07-04 17:15:17: GsDeleteEmptyFoldersFS: /_gsdata_/_saved_/Sensor
2026-07-04 17:15:19: == Sync Complete. Time: 00:00:08, Speed: 12.52 KB/s, OK: 2, Errors: 0
