2026-02-04 06:28:33: Server: SSH-2.0-OpenSSH_9.6p1 Ubuntu-3ubuntu13.14
2026-02-04 06:28:33: Server KEXes: sntrup761x25519-sha512@openssh.com,curve25519-sha256,curve25519-sha256@libssh.org,ecdh-sha2-nistp256,ecdh-sha2-nistp384,ecdh-sha2-nistp521,diffie-hellman-group-exchange-sha256,diffie-hellman-group16-sha512,diffie-hellman-group18-sha512,diffie-hellman-group14-sha256,ext-info-s,kex-strict-s-v00@openssh.com
2026-02-04 06:28:33: Server Host Keys: rsa-sha2-512,rsa-sha2-256,ecdsa-sha2-nistp256,ssh-ed25519
2026-02-04 06:28:33: Chosen Host Key: ssh-ed25519
2026-02-04 06:28:33: Ciphers: chacha20-poly1305@openssh.com,aes128-ctr,aes192-ctr,aes256-ctr,aes128-gcm@openssh.com,aes256-gcm@openssh.com
2026-02-04 06:28:33: MACs: umac-64-etm@openssh.com,umac-128-etm@openssh.com,hmac-sha2-256-etm@openssh.com,hmac-sha2-512-etm@openssh.com,hmac-sha1-etm@openssh.com,umac-64@openssh.com,umac-128@openssh.com,hmac-sha2-256,hmac-sha2-512,hmac-sha1
2026-02-04 06:28:33: Auth: start: publickey
2026-02-04 06:28:33: Auth: publickey: no keys available
2026-02-04 06:28:33: Auth: start: password
2026-02-04 06:28:34: -- Analysis Started by On File Change Incremental
2026-02-04 06:28:34: L: Reading State File C:/Users/grabacr/VPSsync/01-WorkspaceSync/modelica-shared/CustomLib/FluidSystemComponents/_gsdata_/_file_state_v4._gs
2026-02-04 06:28:35: R: Reading State File sftp://os3-310-44666.vs.sakura.ne.jp/home/ubuntu/VPSsync/01-WorkspaceSync/modelica-shared/CustomLib/FluidSystemComponents/_gsdata_/_file_state_v4._gs
2026-02-04 06:29:16: Changes: 1, Conflicts: 0, CopyTime: 0, FixState: 0, Errors: 0, All: 6875
2026-02-04 06:29:16: Left to Right: Copy File: 1 
2026-02-04 06:29:16: == Sync Started by On File Change Incremental
2026-02-04 06:29:17: Start only 1 threads, limited by tasks to run
2026-02-04 06:29:17: Copy Over 'C:/Users/grabacr/VPSsync/01-WorkspaceSync/modelica-shared/CustomLib/FluidSystemComponents/HydroThermal/Examples/Test/LiquidPowerGenerator00_01.mo' -> 'sftp://os3-310-44666.vs.sakura.ne.jp/home/ubuntu/VPSsync/01-WorkspaceSync/modelica-shared/CustomLib/FluidSystemComponents/HydroThermal/Examples/Test/LiquidPowerGenerator00_01.mo' (7,248)
2026-02-04 06:29:17: Save State File C:/Users/grabacr/VPSsync/01-WorkspaceSync/modelica-shared/CustomLib/FluidSystemComponents/_gsdata_/_file_state_v4._gs
2026-02-04 06:29:18: Save State File sftp://os3-310-44666.vs.sakura.ne.jp/home/ubuntu/VPSsync/01-WorkspaceSync/modelica-shared/CustomLib/FluidSystemComponents/_gsdata_/_file_state_v4._gs
2026-02-04 06:29:18: Deleted Recycled: C:/Users/grabacr/VPSsync/01-WorkspaceSync/modelica-shared/CustomLib/FluidSystemComponents/_gsdata_/_saved_/CommonAnyFluid/BaseClasses/package.order
2026-02-04 06:29:18: Deleted Recycled: C:/Users/grabacr/VPSsync/01-WorkspaceSync/modelica-shared/CustomLib/FluidSystemComponents/_gsdata_/_saved_/CommonAnyFluid/Components/package.order
2026-02-04 06:29:19: Deleted Recycled: C:/Users/grabacr/VPSsync/01-WorkspaceSync/modelica-shared/CustomLib/FluidSystemComponents/_gsdata_/_saved_/CommonAnyFluid/Examples/Components/package.order
2026-02-04 06:29:19: Deleted Recycled: C:/Users/grabacr/VPSsync/01-WorkspaceSync/modelica-shared/CustomLib/FluidSystemComponents/_gsdata_/_saved_/CommonAnyFluid/Examples/EngineeringStudies/package.order
2026-02-04 06:29:19: Deleted Recycled: C:/Users/grabacr/VPSsync/01-WorkspaceSync/modelica-shared/CustomLib/FluidSystemComponents/_gsdata_/_saved_/CommonAnyFluid/Examples/EngineeringStudies/RectifierByTeslaValves_02.mo
2026-02-04 06:29:19: Deleted Recycled: C:/Users/grabacr/VPSsync/01-WorkspaceSync/modelica-shared/CustomLib/FluidSystemComponents/_gsdata_/_saved_/CommonAnyFluid/Examples/package.order
2026-02-04 06:29:19: Deleted Recycled: C:/Users/grabacr/VPSsync/01-WorkspaceSync/modelica-shared/CustomLib/FluidSystemComponents/_gsdata_/_saved_/CommonAnyFluid/Examples/Temp/package.order
2026-02-04 06:29:19: Deleted Recycled: C:/Users/grabacr/VPSsync/01-WorkspaceSync/modelica-shared/CustomLib/FluidSystemComponents/_gsdata_/_saved_/CommonAnyFluid/Examples/Thermodynamics/package.order
2026-02-04 06:29:19: Deleted Recycled: C:/Users/grabacr/VPSsync/01-WorkspaceSync/modelica-shared/CustomLib/FluidSystemComponents/_gsdata_/_saved_/CommonAnyFluid/package.order
2026-02-04 06:29:19: Deleted Recycled: C:/Users/grabacr/VPSsync/01-WorkspaceSync/modelica-shared/CustomLib/FluidSystemComponents/_gsdata_/_saved_/CommonAnyFluid/Thermodynamics/package.order
2026-02-04 06:29:19: Deleted Recycled: C:/Users/grabacr/VPSsync/01-WorkspaceSync/modelica-shared/CustomLib/FluidSystemComponents/_gsdata_/_saved_/Compressible/BaseClasses/package.order
2026-02-04 06:29:19: Deleted Recycled: C:/Users/grabacr/VPSsync/01-WorkspaceSync/modelica-shared/CustomLib/FluidSystemComponents/_gsdata_/_saved_/Compressible/Components/ObliqueShock00.mo
2026-02-04 06:29:19: Deleted Recycled: C:/Users/grabacr/VPSsync/01-WorkspaceSync/modelica-shared/CustomLib/FluidSystemComponents/_gsdata_/_saved_/Compressible/Components/package.order
2026-02-04 06:29:19: Deleted Recycled: C:/Users/grabacr/VPSsync/01-WorkspaceSync/modelica-shared/CustomLib/FluidSystemComponents/_gsdata_/_saved_/Compressible/Examples/AssyComponents/package.order
2026-02-04 06:29:19: Deleted Recycled: C:/Users/grabacr/VPSsync/01-WorkspaceSync/modelica-shared/CustomLib/FluidSystemComponents/_gsdata_/_saved_/Compressible/Examples/package.order
2026-02-04 06:29:19: Deleted Recycled: C:/Users/grabacr/VPSsync/01-WorkspaceSync/modelica-shared/CustomLib/FluidSystemComponents/_gsdata_/_saved_/Compressible/Examples/Temp/package.order
2026-02-04 06:29:19: Deleted Recycled: C:/Users/grabacr/VPSsync/01-WorkspaceSync/modelica-shared/CustomLib/FluidSystemComponents/_gsdata_/_saved_/Compressible/Examples/Test/package.order
2026-02-04 06:29:19: Deleted Recycled: C:/Users/grabacr/VPSsync/01-WorkspaceSync/modelica-shared/CustomLib/FluidSystemComponents/_gsdata_/_saved_/Compressible/Examples/Tutorial/MultilayerModels/package.order
2026-02-04 06:29:19: Deleted Recycled: C:/Users/grabacr/VPSsync/01-WorkspaceSync/modelica-shared/CustomLib/FluidSystemComponents/_gsdata_/_saved_/Compressible/Examples/Tutorial/ObliqueShock00_ex01.mo
2026-02-04 06:29:19: Deleted Recycled: C:/Users/grabacr/VPSsync/01-WorkspaceSync/modelica-shared/CustomLib/FluidSystemComponents/_gsdata_/_saved_/Compressible/Examples/Tutorial/package.order
2026-02-04 06:29:19: Deleted Recycled: C:/Users/grabacr/VPSsync/01-WorkspaceSync/modelica-shared/CustomLib/FluidSystemComponents/_gsdata_/_saved_/Compressible/Function/package.order
2026-02-04 06:29:19: Deleted Recycled: C:/Users/grabacr/VPSsync/01-WorkspaceSync/modelica-shared/CustomLib/FluidSystemComponents/_gsdata_/_saved_/Compressible/package.order
2026-02-04 06:29:19: Deleted Recycled: C:/Users/grabacr/VPSsync/01-WorkspaceSync/modelica-shared/CustomLib/FluidSystemComponents/_gsdata_/_saved_/HeatTransfer/BaseClasses/package.order
2026-02-04 06:29:19: Deleted Recycled: C:/Users/grabacr/VPSsync/01-WorkspaceSync/modelica-shared/CustomLib/FluidSystemComponents/_gsdata_/_saved_/HeatTransfer/Components/package.order
2026-02-04 06:29:19: Deleted Recycled: C:/Users/grabacr/VPSsync/01-WorkspaceSync/modelica-shared/CustomLib/FluidSystemComponents/_gsdata_/_saved_/HeatTransfer/Components/SubComponents/Examples/package.order
2026-02-04 06:29:19: Deleted Recycled: C:/Users/grabacr/VPSsync/01-WorkspaceSync/modelica-shared/CustomLib/FluidSystemComponents/_gsdata_/_saved_/HeatTransfer/Components/SubComponents/Examples/Test/package.order
2026-02-04 06:29:19: Deleted Recycled: C:/Users/grabacr/VPSsync/01-WorkspaceSync/modelica-shared/CustomLib/FluidSystemComponents/_gsdata_/_saved_/HeatTransfer/Components/SubComponents/package.order
2026-02-04 06:29:19: Deleted Recycled: C:/Users/grabacr/VPSsync/01-WorkspaceSync/modelica-shared/CustomLib/FluidSystemComponents/_gsdata_/_saved_/HeatTransfer/Examples/HeatTransferDevices/package.order
2026-02-04 06:29:19: Deleted Recycled: C:/Users/grabacr/VPSsync/01-WorkspaceSync/modelica-shared/CustomLib/FluidSystemComponents/_gsdata_/_saved_/HeatTransfer/Examples/package.order
2026-02-04 06:29:19: Deleted Recycled: C:/Users/grabacr/VPSsync/01-WorkspaceSync/modelica-shared/CustomLib/FluidSystemComponents/_gsdata_/_saved_/HeatTransfer/Examples/test/package.order
2026-02-04 06:29:19: Deleted Recycled: C:/Users/grabacr/VPSsync/01-WorkspaceSync/modelica-shared/CustomLib/FluidSystemComponents/_gsdata_/_saved_/HeatTransfer/package.order
2026-02-04 06:29:19: Deleted Recycled: C:/Users/grabacr/VPSsync/01-WorkspaceSync/modelica-shared/CustomLib/FluidSystemComponents/_gsdata_/_saved_/HydroThermal/BaseClasses/package.order
2026-02-04 06:29:19: Deleted Recycled: C:/Users/grabacr/VPSsync/01-WorkspaceSync/modelica-shared/CustomLib/FluidSystemComponents/_gsdata_/_saved_/HydroThermal/Components/package.order
2026-02-04 06:29:19: Deleted Recycled: C:/Users/grabacr/VPSsync/01-WorkspaceSync/modelica-shared/CustomLib/FluidSystemComponents/_gsdata_/_saved_/HydroThermal/Examples/ComponentUsage/package.order
2026-02-04 06:29:19: Deleted Recycled: C:/Users/grabacr/VPSsync/01-WorkspaceSync/modelica-shared/CustomLib/FluidSystemComponents/_gsdata_/_saved_/HydroThermal/Examples/package.order
2026-02-04 06:29:19: Deleted Recycled: C:/Users/grabacr/VPSsync/01-WorkspaceSync/modelica-shared/CustomLib/FluidSystemComponents/_gsdata_/_saved_/HydroThermal/Examples/Temp/package.order
2026-02-04 06:29:19: Deleted Recycled: C:/Users/grabacr/VPSsync/01-WorkspaceSync/modelica-shared/CustomLib/FluidSystemComponents/_gsdata_/_saved_/HydroThermal/Examples/Test/package.order
2026-02-04 06:29:19: Deleted Recycled: C:/Users/grabacr/VPSsync/01-WorkspaceSync/modelica-shared/CustomLib/FluidSystemComponents/_gsdata_/_saved_/HydroThermal/Examples/Tutorial/package.order
2026-02-04 06:29:19: Deleted Recycled: C:/Users/grabacr/VPSsync/01-WorkspaceSync/modelica-shared/CustomLib/FluidSystemComponents/_gsdata_/_saved_/HydroThermal/package.order
2026-02-04 06:29:19: Deleted Recycled: C:/Users/grabacr/VPSsync/01-WorkspaceSync/modelica-shared/CustomLib/FluidSystemComponents/_gsdata_/_saved_/InteractiveSimulation/Examples/package.order
2026-02-04 06:29:19: Deleted Recycled: C:/Users/grabacr/VPSsync/01-WorkspaceSync/modelica-shared/CustomLib/FluidSystemComponents/_gsdata_/_saved_/InteractiveSimulation/Examples/System/package.order
2026-02-04 06:29:19: Deleted Recycled: C:/Users/grabacr/VPSsync/01-WorkspaceSync/modelica-shared/CustomLib/FluidSystemComponents/_gsdata_/_saved_/InteractiveSimulation/Examples/Temp/package.order
2026-02-04 06:29:19: Deleted Recycled: C:/Users/grabacr/VPSsync/01-WorkspaceSync/modelica-shared/CustomLib/FluidSystemComponents/_gsdata_/_saved_/InteractiveSimulation/Input/package.order
2026-02-04 06:29:19: Deleted Recycled: C:/Users/grabacr/VPSsync/01-WorkspaceSync/modelica-shared/CustomLib/FluidSystemComponents/_gsdata_/_saved_/InteractiveSimulation/Output/Functions/package.order
2026-02-04 06:29:19: Deleted Recycled: C:/Users/grabacr/VPSsync/01-WorkspaceSync/modelica-shared/CustomLib/FluidSystemComponents/_gsdata_/_saved_/InteractiveSimulation/Output/package.order
2026-02-04 06:29:19: Deleted Recycled: C:/Users/grabacr/VPSsync/01-WorkspaceSync/modelica-shared/CustomLib/FluidSystemComponents/_gsdata_/_saved_/InteractiveSimulation/package.order
2026-02-04 06:29:19: Deleted Recycled: C:/Users/grabacr/VPSsync/01-WorkspaceSync/modelica-shared/CustomLib/FluidSystemComponents/_gsdata_/_saved_/InteractiveSimulation/System/package.order
2026-02-04 06:29:19: Deleted Recycled: C:/Users/grabacr/VPSsync/01-WorkspaceSync/modelica-shared/CustomLib/FluidSystemComponents/_gsdata_/_saved_/Interfaces/Examples/package.order
2026-02-04 06:29:19: Deleted Recycled: C:/Users/grabacr/VPSsync/01-WorkspaceSync/modelica-shared/CustomLib/FluidSystemComponents/_gsdata_/_saved_/Interfaces/package.order
2026-02-04 06:29:19: Deleted Recycled: C:/Users/grabacr/VPSsync/01-WorkspaceSync/modelica-shared/CustomLib/FluidSystemComponents/_gsdata_/_saved_/Media/CoolProp/Hydrogen/package.order
2026-02-04 06:29:19: Deleted Recycled: C:/Users/grabacr/VPSsync/01-WorkspaceSync/modelica-shared/CustomLib/FluidSystemComponents/_gsdata_/_saved_/Media/CoolProp/package.order
2026-02-04 06:29:19: Deleted Recycled: C:/Users/grabacr/VPSsync/01-WorkspaceSync/modelica-shared/CustomLib/FluidSystemComponents/_gsdata_/_saved_/Media/Examples/package.order
2026-02-04 06:29:19: Deleted Recycled: C:/Users/grabacr/VPSsync/01-WorkspaceSync/modelica-shared/CustomLib/FluidSystemComponents/_gsdata_/_saved_/Media/Examples/Test/package.order
2026-02-04 06:29:19: Deleted Recycled: C:/Users/grabacr/VPSsync/01-WorkspaceSync/modelica-shared/CustomLib/FluidSystemComponents/_gsdata_/_saved_/Media/MixtureGas/Mixture_N2O2/package.order
2026-02-04 06:29:19: Deleted Recycled: C:/Users/grabacr/VPSsync/01-WorkspaceSync/modelica-shared/CustomLib/FluidSystemComponents/_gsdata_/_saved_/Media/MixtureGas/package.order
2026-02-04 06:29:19: Deleted Recycled: C:/Users/grabacr/VPSsync/01-WorkspaceSync/modelica-shared/CustomLib/FluidSystemComponents/_gsdata_/_saved_/Media/package.order
2026-02-04 06:29:19: Deleted Recycled: C:/Users/grabacr/VPSsync/01-WorkspaceSync/modelica-shared/CustomLib/FluidSystemComponents/_gsdata_/_saved_/Media/SingleGas/FluidData/IdealConstAirNASAGlennModel/package.order
2026-02-04 06:29:19: Deleted Recycled: C:/Users/grabacr/VPSsync/01-WorkspaceSync/modelica-shared/CustomLib/FluidSystemComponents/_gsdata_/_saved_/Media/SingleGas/FluidData/package.order
2026-02-04 06:29:19: Deleted Recycled: C:/Users/grabacr/VPSsync/01-WorkspaceSync/modelica-shared/CustomLib/FluidSystemComponents/_gsdata_/_saved_/Media/SingleGas/IdealConstAirNASAGlennModel/package.order
2026-02-04 06:29:19: Deleted Recycled: C:/Users/grabacr/VPSsync/01-WorkspaceSync/modelica-shared/CustomLib/FluidSystemComponents/_gsdata_/_saved_/Media/SingleGas/package.order
2026-02-04 06:29:19: Deleted Recycled: C:/Users/grabacr/VPSsync/01-WorkspaceSync/modelica-shared/CustomLib/FluidSystemComponents/_gsdata_/_saved_/Media/SingleGas/ThermoPropertyData/IdealConstAirNASAGlennModel/package.order
2026-02-04 06:29:19: Deleted Recycled: C:/Users/grabacr/VPSsync/01-WorkspaceSync/modelica-shared/CustomLib/FluidSystemComponents/_gsdata_/_saved_/Media/SingleGas/ThermoPropertyData/package.order
2026-02-04 06:29:19: Deleted Recycled: C:/Users/grabacr/VPSsync/01-WorkspaceSync/modelica-shared/CustomLib/FluidSystemComponents/_gsdata_/_saved_/MSLfluidWithVisualization/CommonBaseClasses/package.order
2026-02-04 06:29:19: Deleted Recycled: C:/Users/grabacr/VPSsync/01-WorkspaceSync/modelica-shared/CustomLib/FluidSystemComponents/_gsdata_/_saved_/MSLfluidWithVisualization/Examples/package.order
2026-02-04 06:29:19: Deleted Recycled: C:/Users/grabacr/VPSsync/01-WorkspaceSync/modelica-shared/CustomLib/FluidSystemComponents/_gsdata_/_saved_/MSLfluidWithVisualization/Fittings/BaseClasses/package.order
2026-02-04 06:29:19: Deleted Recycled: C:/Users/grabacr/VPSsync/01-WorkspaceSync/modelica-shared/CustomLib/FluidSystemComponents/_gsdata_/_saved_/MSLfluidWithVisualization/Fittings/Examples/package.order
2026-02-04 06:29:19: Deleted Recycled: C:/Users/grabacr/VPSsync/01-WorkspaceSync/modelica-shared/CustomLib/FluidSystemComponents/_gsdata_/_saved_/MSLfluidWithVisualization/Fittings/package.order
2026-02-04 06:29:19: Deleted Recycled: C:/Users/grabacr/VPSsync/01-WorkspaceSync/modelica-shared/CustomLib/FluidSystemComponents/_gsdata_/_saved_/MSLfluidWithVisualization/package.order
2026-02-04 06:29:19: Deleted Recycled: C:/Users/grabacr/VPSsync/01-WorkspaceSync/modelica-shared/CustomLib/FluidSystemComponents/_gsdata_/_saved_/MSLfluidWithVisualization/Sources/BaseClasses/package.order
2026-02-04 06:29:19: Deleted Recycled: C:/Users/grabacr/VPSsync/01-WorkspaceSync/modelica-shared/CustomLib/FluidSystemComponents/_gsdata_/_saved_/MSLfluidWithVisualization/Sources/package.order
2026-02-04 06:29:19: Deleted Recycled: C:/Users/grabacr/VPSsync/01-WorkspaceSync/modelica-shared/CustomLib/FluidSystemComponents/_gsdata_/_saved_/MSLfluidWithVisualization/Vessels/BaseClasses/package.order
2026-02-04 06:29:19: Deleted Recycled: C:/Users/grabacr/VPSsync/01-WorkspaceSync/modelica-shared/CustomLib/FluidSystemComponents/_gsdata_/_saved_/MSLfluidWithVisualization/Vessels/Examples/package.order
2026-02-04 06:29:19: Deleted Recycled: C:/Users/grabacr/VPSsync/01-WorkspaceSync/modelica-shared/CustomLib/FluidSystemComponents/_gsdata_/_saved_/MSLfluidWithVisualization/Vessels/package.order
2026-02-04 06:29:19: Deleted Recycled: C:/Users/grabacr/VPSsync/01-WorkspaceSync/modelica-shared/CustomLib/FluidSystemComponents/_gsdata_/_saved_/package.order
2026-02-04 06:29:19: Deleted Recycled: C:/Users/grabacr/VPSsync/01-WorkspaceSync/modelica-shared/CustomLib/FluidSystemComponents/_gsdata_/_saved_/Sensor/Examples/package.order
2026-02-04 06:29:19: Deleted Recycled: C:/Users/grabacr/VPSsync/01-WorkspaceSync/modelica-shared/CustomLib/FluidSystemComponents/_gsdata_/_saved_/Sensor/icons/package.order
2026-02-04 06:29:19: Deleted Recycled: C:/Users/grabacr/VPSsync/01-WorkspaceSync/modelica-shared/CustomLib/FluidSystemComponents/_gsdata_/_saved_/Sensor/package.mo
2026-02-04 06:29:19: Deleted Recycled: C:/Users/grabacr/VPSsync/01-WorkspaceSync/modelica-shared/CustomLib/FluidSystemComponents/_gsdata_/_saved_/Sensor/package.order
2026-02-04 06:29:19: Deleted Recycled: C:/Users/grabacr/VPSsync/01-WorkspaceSync/modelica-shared/CustomLib/FluidSystemComponents/_gsdata_/_saved_/Sources/Examples/package.order
2026-02-04 06:29:19: Deleted Recycled: C:/Users/grabacr/VPSsync/01-WorkspaceSync/modelica-shared/CustomLib/FluidSystemComponents/_gsdata_/_saved_/Sources/package.order
2026-02-04 06:29:19: Deleted Recycled: C:/Users/grabacr/VPSsync/01-WorkspaceSync/modelica-shared/CustomLib/FluidSystemComponents/_gsdata_/_saved_/Types/package.order
2026-02-04 06:29:19: Deleted Recycled: C:/Users/grabacr/VPSsync/01-WorkspaceSync/modelica-shared/CustomLib/FluidSystemComponents/_gsdata_/_saved_/Types/Switches/package.order
2026-02-04 06:29:19: Deleted Recycled: C:/Users/grabacr/VPSsync/01-WorkspaceSync/modelica-shared/CustomLib/FluidSystemComponents/_gsdata_/_saved_/Utilities/Examples/package.order
2026-02-04 06:29:19: Deleted Recycled: C:/Users/grabacr/VPSsync/01-WorkspaceSync/modelica-shared/CustomLib/FluidSystemComponents/_gsdata_/_saved_/Utilities/package.order
2026-02-04 06:29:19: Deleted Recycled: C:/Users/grabacr/VPSsync/01-WorkspaceSync/modelica-shared/CustomLib/FluidSystemComponents/_gsdata_/_saved_/Utilities/UnitConversion/package.order
2026-02-04 06:29:19: Deleted Recycled: C:/Users/grabacr/VPSsync/01-WorkspaceSync/modelica-shared/CustomLib/FluidSystemComponents/_gsdata_/_saved_/Visualizers/Examples/package.order
2026-02-04 06:29:19: Deleted Recycled: C:/Users/grabacr/VPSsync/01-WorkspaceSync/modelica-shared/CustomLib/FluidSystemComponents/_gsdata_/_saved_/Visualizers/package.order
2026-02-04 06:29:19: Deleted Recycled: C:/Users/grabacr/VPSsync/01-WorkspaceSync/modelica-shared/CustomLib/FluidSystemComponents/_gsdata_/_saved_/Visualizers/Types/package.order
2026-02-04 06:29:19: GsDeleteEmptyFoldersFS: /_gsdata_/_saved_/CommonAnyFluid/BaseClasses
2026-02-04 06:29:19: GsDeleteEmptyFoldersFS: /_gsdata_/_saved_/CommonAnyFluid/Components
2026-02-04 06:29:19: GsDeleteEmptyFoldersFS: /_gsdata_/_saved_/CommonAnyFluid/Examples/Components
2026-02-04 06:29:19: GsDeleteEmptyFoldersFS: /_gsdata_/_saved_/CommonAnyFluid/Examples/EngineeringStudies
2026-02-04 06:29:19: GsDeleteEmptyFoldersFS: /_gsdata_/_saved_/CommonAnyFluid/Examples/Temp
2026-02-04 06:29:19: GsDeleteEmptyFoldersFS: /_gsdata_/_saved_/CommonAnyFluid/Examples/Thermodynamics
2026-02-04 06:29:19: GsDeleteEmptyFoldersFS: /_gsdata_/_saved_/CommonAnyFluid/Examples
2026-02-04 06:29:19: GsDeleteEmptyFoldersFS: /_gsdata_/_saved_/CommonAnyFluid/Thermodynamics
2026-02-04 06:29:19: GsDeleteEmptyFoldersFS: /_gsdata_/_saved_/CommonAnyFluid
2026-02-04 06:29:19: GsDeleteEmptyFoldersFS: /_gsdata_/_saved_/Compressible/BaseClasses
2026-02-04 06:29:19: GsDeleteEmptyFoldersFS: /_gsdata_/_saved_/Compressible/Components
2026-02-04 06:29:19: GsDeleteEmptyFoldersFS: /_gsdata_/_saved_/Compressible/Examples/AssyComponents
2026-02-04 06:29:19: GsDeleteEmptyFoldersFS: /_gsdata_/_saved_/Compressible/Examples/Temp
2026-02-04 06:29:19: GsDeleteEmptyFoldersFS: /_gsdata_/_saved_/Compressible/Examples/Test
2026-02-04 06:29:19: GsDeleteEmptyFoldersFS: /_gsdata_/_saved_/Compressible/Examples/Tutorial/MultilayerModels
2026-02-04 06:29:19: GsDeleteEmptyFoldersFS: /_gsdata_/_saved_/Compressible/Examples/Tutorial
2026-02-04 06:29:19: GsDeleteEmptyFoldersFS: /_gsdata_/_saved_/Compressible/Examples
2026-02-04 06:29:19: GsDeleteEmptyFoldersFS: /_gsdata_/_saved_/Compressible/Function
2026-02-04 06:29:19: GsDeleteEmptyFoldersFS: /_gsdata_/_saved_/Compressible
2026-02-04 06:29:19: GsDeleteEmptyFoldersFS: /_gsdata_/_saved_/HeatTransfer/BaseClasses
2026-02-04 06:29:19: GsDeleteEmptyFoldersFS: /_gsdata_/_saved_/HeatTransfer/Components/SubComponents/Examples/Test
2026-02-04 06:29:19: GsDeleteEmptyFoldersFS: /_gsdata_/_saved_/HeatTransfer/Components/SubComponents/Examples
2026-02-04 06:29:19: GsDeleteEmptyFoldersFS: /_gsdata_/_saved_/HeatTransfer/Components/SubComponents
2026-02-04 06:29:19: GsDeleteEmptyFoldersFS: /_gsdata_/_saved_/HeatTransfer/Components
2026-02-04 06:29:19: GsDeleteEmptyFoldersFS: /_gsdata_/_saved_/HeatTransfer/Examples/HeatTransferDevices
2026-02-04 06:29:19: GsDeleteEmptyFoldersFS: /_gsdata_/_saved_/HeatTransfer/Examples/test
2026-02-04 06:29:19: GsDeleteEmptyFoldersFS: /_gsdata_/_saved_/HeatTransfer/Examples
2026-02-04 06:29:19: GsDeleteEmptyFoldersFS: /_gsdata_/_saved_/HeatTransfer
2026-02-04 06:29:19: GsDeleteEmptyFoldersFS: /_gsdata_/_saved_/HydroThermal/BaseClasses
2026-02-04 06:29:19: GsDeleteEmptyFoldersFS: /_gsdata_/_saved_/HydroThermal/Components
2026-02-04 06:29:19: GsDeleteEmptyFoldersFS: /_gsdata_/_saved_/HydroThermal/Examples/ComponentUsage
2026-02-04 06:29:19: GsDeleteEmptyFoldersFS: /_gsdata_/_saved_/HydroThermal/Examples/Temp
2026-02-04 06:29:19: GsDeleteEmptyFoldersFS: /_gsdata_/_saved_/HydroThermal/Examples/Test
2026-02-04 06:29:19: GsDeleteEmptyFoldersFS: /_gsdata_/_saved_/HydroThermal/Examples/Tutorial
2026-02-04 06:29:19: GsDeleteEmptyFoldersFS: /_gsdata_/_saved_/HydroThermal/Examples
2026-02-04 06:29:19: GsDeleteEmptyFoldersFS: /_gsdata_/_saved_/HydroThermal
2026-02-04 06:29:19: GsDeleteEmptyFoldersFS: /_gsdata_/_saved_/InteractiveSimulation/Examples/System
2026-02-04 06:29:19: GsDeleteEmptyFoldersFS: /_gsdata_/_saved_/InteractiveSimulation/Examples/Temp
2026-02-04 06:29:19: GsDeleteEmptyFoldersFS: /_gsdata_/_saved_/InteractiveSimulation/Examples
2026-02-04 06:29:19: GsDeleteEmptyFoldersFS: /_gsdata_/_saved_/InteractiveSimulation/Input
2026-02-04 06:29:19: GsDeleteEmptyFoldersFS: /_gsdata_/_saved_/InteractiveSimulation/Output/Functions
2026-02-04 06:29:19: GsDeleteEmptyFoldersFS: /_gsdata_/_saved_/InteractiveSimulation/Output
2026-02-04 06:29:19: GsDeleteEmptyFoldersFS: /_gsdata_/_saved_/InteractiveSimulation/System
2026-02-04 06:29:19: GsDeleteEmptyFoldersFS: /_gsdata_/_saved_/InteractiveSimulation
2026-02-04 06:29:19: GsDeleteEmptyFoldersFS: /_gsdata_/_saved_/Interfaces/Examples
2026-02-04 06:29:19: GsDeleteEmptyFoldersFS: /_gsdata_/_saved_/Interfaces
2026-02-04 06:29:19: GsDeleteEmptyFoldersFS: /_gsdata_/_saved_/Media/CoolProp/Hydrogen
2026-02-04 06:29:19: GsDeleteEmptyFoldersFS: /_gsdata_/_saved_/Media/CoolProp
2026-02-04 06:29:19: GsDeleteEmptyFoldersFS: /_gsdata_/_saved_/Media/MixtureGas/Mixture_N2O2
2026-02-04 06:29:19: GsDeleteEmptyFoldersFS: /_gsdata_/_saved_/Media/MixtureGas
2026-02-04 06:29:19: GsDeleteEmptyFoldersFS: /_gsdata_/_saved_/Media/SingleGas/FluidData/IdealConstAirNASAGlennModel
2026-02-04 06:29:19: GsDeleteEmptyFoldersFS: /_gsdata_/_saved_/Media/SingleGas/FluidData
2026-02-04 06:29:19: GsDeleteEmptyFoldersFS: /_gsdata_/_saved_/Media/SingleGas/IdealConstAirNASAGlennModel
2026-02-04 06:29:19: GsDeleteEmptyFoldersFS: /_gsdata_/_saved_/Media/SingleGas/ThermoPropertyData/IdealConstAirNASAGlennModel
2026-02-04 06:29:19: GsDeleteEmptyFoldersFS: /_gsdata_/_saved_/Media/SingleGas/ThermoPropertyData
2026-02-04 06:29:19: GsDeleteEmptyFoldersFS: /_gsdata_/_saved_/Media/SingleGas
2026-02-04 06:29:19: GsDeleteEmptyFoldersFS: /_gsdata_/_saved_/MSLfluidWithVisualization/CommonBaseClasses
2026-02-04 06:29:19: GsDeleteEmptyFoldersFS: /_gsdata_/_saved_/MSLfluidWithVisualization/Examples
2026-02-04 06:29:19: GsDeleteEmptyFoldersFS: /_gsdata_/_saved_/MSLfluidWithVisualization/Fittings/BaseClasses
2026-02-04 06:29:19: GsDeleteEmptyFoldersFS: /_gsdata_/_saved_/MSLfluidWithVisualization/Fittings/Examples
2026-02-04 06:29:19: GsDeleteEmptyFoldersFS: /_gsdata_/_saved_/MSLfluidWithVisualization/Fittings
2026-02-04 06:29:19: GsDeleteEmptyFoldersFS: /_gsdata_/_saved_/MSLfluidWithVisualization/Sources/BaseClasses
2026-02-04 06:29:19: GsDeleteEmptyFoldersFS: /_gsdata_/_saved_/MSLfluidWithVisualization/Sources
2026-02-04 06:29:19: GsDeleteEmptyFoldersFS: /_gsdata_/_saved_/MSLfluidWithVisualization/Vessels/BaseClasses
2026-02-04 06:29:19: GsDeleteEmptyFoldersFS: /_gsdata_/_saved_/MSLfluidWithVisualization/Vessels/Examples
2026-02-04 06:29:19: GsDeleteEmptyFoldersFS: /_gsdata_/_saved_/MSLfluidWithVisualization/Vessels
2026-02-04 06:29:19: GsDeleteEmptyFoldersFS: /_gsdata_/_saved_/MSLfluidWithVisualization
2026-02-04 06:29:19: GsDeleteEmptyFoldersFS: /_gsdata_/_saved_/Sensor/Examples
2026-02-04 06:29:19: GsDeleteEmptyFoldersFS: /_gsdata_/_saved_/Sensor/icons
2026-02-04 06:29:19: GsDeleteEmptyFoldersFS: /_gsdata_/_saved_/Sensor
2026-02-04 06:29:19: GsDeleteEmptyFoldersFS: /_gsdata_/_saved_/Sources/Examples
2026-02-04 06:29:19: GsDeleteEmptyFoldersFS: /_gsdata_/_saved_/Sources
2026-02-04 06:29:19: GsDeleteEmptyFoldersFS: /_gsdata_/_saved_/Types/Switches
2026-02-04 06:29:19: GsDeleteEmptyFoldersFS: /_gsdata_/_saved_/Types
2026-02-04 06:29:19: GsDeleteEmptyFoldersFS: /_gsdata_/_saved_/Utilities/Examples
2026-02-04 06:29:19: GsDeleteEmptyFoldersFS: /_gsdata_/_saved_/Utilities/UnitConversion
2026-02-04 06:29:19: GsDeleteEmptyFoldersFS: /_gsdata_/_saved_/Utilities
2026-02-04 06:29:19: GsDeleteEmptyFoldersFS: /_gsdata_/_saved_/Visualizers/Examples
2026-02-04 06:29:19: GsDeleteEmptyFoldersFS: /_gsdata_/_saved_/Visualizers/Types
2026-02-04 06:29:19: GsDeleteEmptyFoldersFS: /_gsdata_/_saved_/Visualizers
2026-02-04 06:29:19: Deleted Recycled: sftp://os3-310-44666.vs.sakura.ne.jp/home/ubuntu/VPSsync/01-WorkspaceSync/modelica-shared/CustomLib/FluidSystemComponents/_gsdata_/_saved_/.git/COMMIT_EDITMSG
2026-02-04 06:29:19: Deleted Recycled: sftp://os3-310-44666.vs.sakura.ne.jp/home/ubuntu/VPSsync/01-WorkspaceSync/modelica-shared/CustomLib/FluidSystemComponents/_gsdata_/_saved_/.git/logs/HEAD
2026-02-04 06:29:19: Deleted Recycled: sftp://os3-310-44666.vs.sakura.ne.jp/home/ubuntu/VPSsync/01-WorkspaceSync/modelica-shared/CustomLib/FluidSystemComponents/_gsdata_/_saved_/.git/logs/refs/heads/master
2026-02-04 06:29:19: Deleted Recycled: sftp://os3-310-44666.vs.sakura.ne.jp/home/ubuntu/VPSsync/01-WorkspaceSync/modelica-shared/CustomLib/FluidSystemComponents/_gsdata_/_saved_/.git/logs/refs/remotes/origin/master
2026-02-04 06:29:19: Deleted Recycled: sftp://os3-310-44666.vs.sakura.ne.jp/home/ubuntu/VPSsync/01-WorkspaceSync/modelica-shared/CustomLib/FluidSystemComponents/_gsdata_/_saved_/.git/objects/10/c18d1f66429004d2f28ed4a8de833ba8dfe3a4
2026-02-04 06:29:19: Deleted Recycled: sftp://os3-310-44666.vs.sakura.ne.jp/home/ubuntu/VPSsync/01-WorkspaceSync/modelica-shared/CustomLib/FluidSystemComponents/_gsdata_/_saved_/.git/objects/1f/f8fa5cb4846cb1762ab6a93a0edc0a96268ffb
2026-02-04 06:29:19: Deleted Recycled: sftp://os3-310-44666.vs.sakura.ne.jp/home/ubuntu/VPSsync/01-WorkspaceSync/modelica-shared/CustomLib/FluidSystemComponents/_gsdata_/_saved_/.git/objects/2d/725db0391c190c76148520387b5d438d382097
2026-02-04 06:29:19: Deleted Recycled: sftp://os3-310-44666.vs.sakura.ne.jp/home/ubuntu/VPSsync/01-WorkspaceSync/modelica-shared/CustomLib/FluidSystemComponents/_gsdata_/_saved_/.git/objects/48/edd77b60a3e945203c80300b19c72e07007e86
2026-02-04 06:29:19: Deleted Recycled: sftp://os3-310-44666.vs.sakura.ne.jp/home/ubuntu/VPSsync/01-WorkspaceSync/modelica-shared/CustomLib/FluidSystemComponents/_gsdata_/_saved_/.git/objects/49/d015e8251dc2d0d818586e5252ec3223e6d930
2026-02-04 06:29:19: Deleted Recycled: sftp://os3-310-44666.vs.sakura.ne.jp/home/ubuntu/VPSsync/01-WorkspaceSync/modelica-shared/CustomLib/FluidSystemComponents/_gsdata_/_saved_/.git/objects/50/f19bc845a473d8047fadf042b5b9eed57280ad
2026-02-04 06:29:19: Deleted Recycled: sftp://os3-310-44666.vs.sakura.ne.jp/home/ubuntu/VPSsync/01-WorkspaceSync/modelica-shared/CustomLib/FluidSystemComponents/_gsdata_/_saved_/.git/objects/5d/37c3a950ca20d95a108a659748dcf5b91fa09e
2026-02-04 06:29:19: Deleted Recycled: sftp://os3-310-44666.vs.sakura.ne.jp/home/ubuntu/VPSsync/01-WorkspaceSync/modelica-shared/CustomLib/FluidSystemComponents/_gsdata_/_saved_/.git/objects/61/8444a7d72a491a618780ec6c9c5e50763b7d11
2026-02-04 06:29:19: Deleted Recycled: sftp://os3-310-44666.vs.sakura.ne.jp/home/ubuntu/VPSsync/01-WorkspaceSync/modelica-shared/CustomLib/FluidSystemComponents/_gsdata_/_saved_/.git/objects/6b/abb3e5046ca871c10382ad643d89f817ef795a
2026-02-04 06:29:19: Deleted Recycled: sftp://os3-310-44666.vs.sakura.ne.jp/home/ubuntu/VPSsync/01-WorkspaceSync/modelica-shared/CustomLib/FluidSystemComponents/_gsdata_/_saved_/.git/objects/b1/3a35996b077ae03728889154031ee8c86ecdf6
2026-02-04 06:29:19: Deleted Recycled: sftp://os3-310-44666.vs.sakura.ne.jp/home/ubuntu/VPSsync/01-WorkspaceSync/modelica-shared/CustomLib/FluidSystemComponents/_gsdata_/_saved_/.git/objects/c0/0e9c290ec254b514167886c5132837a7f1ccde
2026-02-04 06:29:19: Deleted Recycled: sftp://os3-310-44666.vs.sakura.ne.jp/home/ubuntu/VPSsync/01-WorkspaceSync/modelica-shared/CustomLib/FluidSystemComponents/_gsdata_/_saved_/.git/objects/c4/f5c77f8d1f13938884245ebc9bd9989960e117
2026-02-04 06:29:19: Deleted Recycled: sftp://os3-310-44666.vs.sakura.ne.jp/home/ubuntu/VPSsync/01-WorkspaceSync/modelica-shared/CustomLib/FluidSystemComponents/_gsdata_/_saved_/.git/objects/e1/d185e2b75702c553b47ff7c6d14f59e488cc01
2026-02-04 06:29:19: Deleted Recycled: sftp://os3-310-44666.vs.sakura.ne.jp/home/ubuntu/VPSsync/01-WorkspaceSync/modelica-shared/CustomLib/FluidSystemComponents/_gsdata_/_saved_/.git/refs/heads/master
2026-02-04 06:29:19: Deleted Recycled: sftp://os3-310-44666.vs.sakura.ne.jp/home/ubuntu/VPSsync/01-WorkspaceSync/modelica-shared/CustomLib/FluidSystemComponents/_gsdata_/_saved_/.git/refs/remotes/origin/master
2026-02-04 06:29:38: GsDeleteEmptyFoldersFS: /_gsdata_/_saved_/.git/logs/refs/heads
2026-02-04 06:29:39: GsDeleteEmptyFoldersFS: /_gsdata_/_saved_/.git/logs/refs/remotes/origin
2026-02-04 06:29:39: GsDeleteEmptyFoldersFS: /_gsdata_/_saved_/.git/logs/refs/remotes
2026-02-04 06:29:39: GsDeleteEmptyFoldersFS: /_gsdata_/_saved_/.git/logs/refs
2026-02-04 06:29:39: GsDeleteEmptyFoldersFS: /_gsdata_/_saved_/.git/logs
2026-02-04 06:29:39: GsDeleteEmptyFoldersFS: /_gsdata_/_saved_/.git/objects/49
2026-02-04 06:29:40: GsDeleteEmptyFoldersFS: /_gsdata_/_saved_/.git/objects/10
2026-02-04 06:29:40: GsDeleteEmptyFoldersFS: /_gsdata_/_saved_/.git/objects/48
2026-02-04 06:29:40: GsDeleteEmptyFoldersFS: /_gsdata_/_saved_/.git/objects/2d
2026-02-04 06:29:40: GsDeleteEmptyFoldersFS: /_gsdata_/_saved_/.git/objects/6b
2026-02-04 06:29:40: GsDeleteEmptyFoldersFS: /_gsdata_/_saved_/.git/objects/e1
2026-02-04 06:29:41: GsDeleteEmptyFoldersFS: /_gsdata_/_saved_/.git/objects/61
2026-02-04 06:29:41: GsDeleteEmptyFoldersFS: /_gsdata_/_saved_/.git/objects/b1
2026-02-04 06:29:41: GsDeleteEmptyFoldersFS: /_gsdata_/_saved_/.git/objects/c4
2026-02-04 06:29:41: GsDeleteEmptyFoldersFS: /_gsdata_/_saved_/.git/objects/50
2026-02-04 06:29:41: GsDeleteEmptyFoldersFS: /_gsdata_/_saved_/.git/objects/5d
2026-02-04 06:29:42: GsDeleteEmptyFoldersFS: /_gsdata_/_saved_/.git/objects/c0
2026-02-04 06:29:42: GsDeleteEmptyFoldersFS: /_gsdata_/_saved_/.git/objects/1f
2026-02-04 06:29:42: GsDeleteEmptyFoldersFS: /_gsdata_/_saved_/.git/objects
2026-02-04 06:29:42: GsDeleteEmptyFoldersFS: /_gsdata_/_saved_/.git/refs/heads
2026-02-04 06:29:42: GsDeleteEmptyFoldersFS: /_gsdata_/_saved_/.git/refs/remotes/origin
2026-02-04 06:29:43: GsDeleteEmptyFoldersFS: /_gsdata_/_saved_/.git/refs/remotes
2026-02-04 06:29:43: GsDeleteEmptyFoldersFS: /_gsdata_/_saved_/.git/refs
2026-02-04 06:29:50: == Sync Complete. Time: 00:00:33, Speed: 0.00/s, OK: 1, Errors: 0
